------------------------------------------------------------
Timing Analyzer Summary
------------------------------------------------------------

Type  : Slow 1100mV 85C Model Setup 'clk'
Slack : -1.668
TNS   : -21.222

Type  : Slow 1100mV 85C Model Hold 'clk'
Slack : 0.630
TNS   : 0.000

Type  : Slow 1100mV 85C Model Minimum Pulse Width 'clk'
Slack : -0.394
TNS   : -8.396

Type  : Slow 1100mV 0C Model Setup 'clk'
Slack : -1.692
TNS   : -21.675

Type  : Slow 1100mV 0C Model Hold 'clk'
Slack : 0.581
TNS   : 0.000

Type  : Slow 1100mV 0C Model Minimum Pulse Width 'clk'
Slack : -0.394
TNS   : -9.283

Type  : Fast 1100mV 85C Model Setup 'clk'
Slack : -0.512
TNS   : -5.273

Type  : Fast 1100mV 85C Model Hold 'clk'
Slack : 0.347
TNS   : 0.000

Type  : Fast 1100mV 85C Model Minimum Pulse Width 'clk'
Slack : -0.078
TNS   : -1.231

Type  : Fast 1100mV 0C Model Setup 'clk'
Slack : -0.419
TNS   : -4.127

Type  : Fast 1100mV 0C Model Hold 'clk'
Slack : 0.317
TNS   : 0.000

Type  : Fast 1100mV 0C Model Minimum Pulse Width 'clk'
Slack : -0.078
TNS   : -1.238

------------------------------------------------------------
